<html>
<body>
<pre>
<h1>µVision Build Log</h1>
<h2>Tool Versions:</h2>
IDE-Version: ¦ÌVision V5.24.2.0
Copyright (C) 2017 ARM Ltd and ARM Germany GmbH. All rights reserved.
License Information: 1 1, 1, LIC=MPPLD-8KB8S-2ZLW4-FGZ25-NE0BI-ZZH50
 
Tool Versions:
Toolchain:       MDK-ARM Plus  Version: 5.24.1
Toolchain Path:  E:\keil5_2_4\ARM\ARMCLANG\Bin
C Compiler:      ArmClang.exe V6.7
Assembler:       Armasm.exe V6.7
Linker/Locator:  ArmLink.exe V6.7
Library Manager: ArmAr.exe V6.7
Hex Converter:   FromElf.exe V6.7
CPU DLL:         SARMCM3.DLL V5.24.1
Dialog DLL:      DCM.DLL V1.16.0.0
Target DLL:      Segger\JL2CM3.dll V2.99.26.0
Dialog DLL:      TCM.DLL V1.32.0.0
 
<h2>Project:</h2>
C:\Users\Cainiao\Desktop\elec_slider\P9.cbt6_motor_qt\MDK-ARM\cbt6_demo3.uvprojx
Project File Date:  05/16/2024

<h2>Output:</h2>
*** Using Compiler 'V6.7', folder: 'E:\keil5_2_4\ARM\ARMCLANG\Bin'
Rebuild target 'cbt6_demo3'
assembling startup_stm32f103xb.s...
compiling stm32f1xx_it.c...
compiling stm32f1xx_hal_msp.c...
compiling main.c...
compiling spi.c...
compiling usart.c...
compiling gpio.c...
compiling stm32f1xx_hal_gpio_ex.c...
compiling dma.c...
compiling can.c...
compiling tim.c...
compiling stm32f1xx_hal.c...
compiling stm32f1xx_hal_can.c...
compiling stm32f1xx_hal_rcc_ex.c...
compiling stm32f1xx_hal_cortex.c...
compiling stm32f1xx_hal_gpio.c...
compiling stm32f1xx_hal_pwr.c...
compiling stm32f1xx_hal_dma.c...
compiling stm32f1xx_hal_rcc.c...
compiling stm32f1xx_hal_flash.c...
compiling stm32f1xx_hal_exti.c...
compiling stm32f1xx_hal_flash_ex.c...
compiling stm32f1xx_hal_tim_ex.c...
compiling stm32f1xx_hal_spi.c...
compiling system_stm32f1xx.c...
compiling test.c...
compiling main.cpp...
compiling mt6816_base.cpp...
compiling stockpile_f103cb.c...
compiling tb67h450_base.cpp...
compiling motor.cpp...
compiling stm32f1xx_hal_uart.c...
compiling stm32f1xx_hal_tim.c...
compiling motion_planner.cpp...
compiling uart_handle.cpp...
compiling retarget_io.c...
compiling interface_can.cpp...
compiling encoder_calibrator_base.cpp...
linking...
Program Size: Code=23078 RO-data=2346 RW-data=68 ZI-data=4004  
FromELF: creating hex file...
"cbt6_demo3\cbt6_demo3.axf" - 0 Error(s), 0 Warning(s).

<h2>Software Packages used:</h2>

Package Vendor: ARM
                http://www.keil.com/pack/ARM.CMSIS.5.0.1.pack
                ARM.CMSIS.5.0.1
                CMSIS (Cortex Microcontroller Software Interface Standard)
   * Component: CORE Version: 5.0.1

Package Vendor: Keil
                http://www.keil.com/pack/Keil.ARM_Compiler.1.3.1.pack
                Keil.ARM_Compiler.1.3.1
                Keil ARM Compiler extensions for ARM Compiler 5 and ARM Compiler 6
   * Component: STDOUT Variant: ITM Version: 1.2.0
   * Component: STDIN Variant: ITM Version: 1.2.0
   * Component: STDERR Variant: Breakpoint Version: 1.2.0

Package Vendor: Keil
                http://www.keil.com/pack/Keil.STM32F1xx_DFP.2.2.0.pack
                Keil.STM32F1xx_DFP.2.2.0
                STMicroelectronics STM32F1 Series Device Support, Drivers and Examples

<h2>Collection of Component include folders:</h2>
  .\RTE\_cbt6_demo3
  E:\keil5_2_4\ARM\PACK\ARM\CMSIS\5.0.1\CMSIS\Include
  E:\keil5_2_4\ARM\PACK\Keil\STM32F1xx_DFP\2.2.0\Device\Include

<h2>Collection of Component Files used:</h2>

   * Component: Keil.ARM Compiler::Compiler:I/O:STDOUT:ITM:1.2.0
      Source file:   Source\retarget_io.c

   * Component: Keil.ARM Compiler::Compiler:I/O:STDIN:ITM:1.2.0
      Source file:   Source\retarget_io.c

   * Component: Keil.ARM Compiler::Compiler:I/O:STDERR:Breakpoint:1.2.0
      Source file:   Source\retarget_io.c

   * Component: ARM::CMSIS:CORE:5.0.1
Build Time Elapsed:  00:00:04
</pre>
</body>
</html>
